2026-09-16 11:20:50 | [INFO   ] | Логгер успешно сконфигурирован
2026-09-16 11:20:50 | [INFO   ] | Приложение запущено
2026-09-16 11:20:50 | [DEBUG  ] | Старт валидации: login='student_vki', password=***[d2ac28d5]***, confirm_password=***[d2ac28d5]***
2026-09-16 11:20:50 | [INFO   ] | Успешная регистрация: login='student_vki', password=***[d2ac28d5]***, результат=True
2026-09-16 11:20:50 | [DEBUG  ] | Старт валидации: login='+7-999-123-4567', password=***[6ae0bd98]***, confirm_password=***[6ae0bd98]***
2026-09-16 11:20:50 | [INFO   ] | Успешная регистрация: login='+7-999-123-4567', password=***[6ae0bd98]***, результат=True
2026-09-16 11:20:50 | [DEBUG  ] | Старт валидации: login='user@domain.com', password=***[0430de96]***, confirm_password=***[0430de96]***
2026-09-16 11:20:50 | [INFO   ] | Успешная регистрация: login='user@domain.com', password=***[0430de96]***, результат=True
2026-09-16 11:20:50 | [DEBUG  ] | Старт валидации: login='', password=***[d2ac28d5]***, confirm_password=***[d2ac28d5]***
2026-09-16 11:20:50 | [WARNING] | Ошибка валидации: Логин не может быть пустым.
2026-09-16 11:20:50 | [DEBUG  ] | Старт валидации: login='admin', password=***[d2ac28d5]***, confirm_password=***[d2ac28d5]***
2026-09-16 11:20:50 | [WARNING] | Ошибка валидации: Логин запрещен: имя содержится в черном списке системы.
2026-09-16 11:20:50 | [DEBUG  ] | Старт валидации: login='dev', password=***[d2ac28d5]***, confirm_password=***[d2ac28d5]***
2026-09-16 11:20:50 | [WARNING] | Ошибка валидации: Строковый логин должен содержать не менее 5 символов.
2026-09-16 11:20:50 | [DEBUG  ] | Старт валидации: login='student_vki', password=***[d2ac28d5]***, confirm_password=***[42412c85]***
2026-09-16 11:20:50 | [WARNING] | Ошибка валидации: Пароль и подтверждение пароля не совпадают.
2026-09-16 11:20:50 | [DEBUG  ] | Старт валидации: login='student_vki', password=***[5ba6beed]***, confirm_password=***[5ba6beed]***
2026-09-16 11:20:50 | [WARNING] | Ошибка валидации: Длина пароля должна быть не менее 7 символов.
2026-09-16 11:20:50 | [DEBUG  ] | Старт валидации: login='student_vki', password=***[c8ab9618]***, confirm_password=***[c8ab9618]***
2026-09-16 11:20:50 | [WARNING] | Ошибка валидации: Пароль может содержать только кириллицу, цифры и спецсимволы (латиница запрещена).
2026-09-16 11:20:50 | [DEBUG  ] | Старт валидации: login='student_vki', password=***[48bee057]***, confirm_password=***[48bee057]***
2026-09-16 11:20:50 | [WARNING] | Ошибка валидации: Пароль должен содержать минимум одну заглавную букву кириллицы.
2026-09-16 11:20:50 | [DEBUG  ] | Старт валидации: login='student_vki', password=***[ad285260]***, confirm_password=***[ad285260]***
2026-09-16 11:20:50 | [WARNING] | Ошибка валидации: Пароль должен содержать минимум одну строчную букву кириллицы.
2026-09-16 11:20:50 | [DEBUG  ] | Старт валидации: login='student_vki', password=***[f5a3d8ce]***, confirm_password=***[f5a3d8ce]***
2026-09-16 11:20:50 | [WARNING] | Ошибка валидации: Пароль должен содержать минимум одну цифру.
2026-09-16 11:20:50 | [DEBUG  ] | Старт валидации: login='student_vki', password=***[669ef18e]***, confirm_password=***[669ef18e]***
2026-09-16 11:20:50 | [WARNING] | Ошибка валидации: Пароль должен содержать минимум один специальный символ.
